// Jest Snapshot v1, https://goo.gl/fbAQLP

exports[`CarouselSectionComponent should match the snapshot 1`] = `
<app-carousel-section
  CarouselEnum={[Function Object]}
  _items={[Function Array]}
  carouselType={[Function String]}
  isLoading$={[Function BehaviorSubject]}
  title={[Function String]}
>
  <div
    class="carousel-section"
  >
    <h1>
      carousel title
    </h1>
    <div
      appcarouselanimation=""
      class="carousel-content"
    >
      <div
        class="nav-btn-prev"
      >
        <img
          src="assets/angle-left.svg"
        />
      </div>
      <div
        class="car-card-wrapper"
      >
        <app-car-card />
        <app-car-card />
        <app-car-card />
        <app-car-card />
        <app-car-card />
      </div>
      <div
        class="nav-btn-next"
      >
        <img
          src="assets/angle-right.svg"
        />
      </div>
    </div>
  </div>
</app-carousel-section>
`;
