// Jest Snapshot v1, https://goo.gl/fbAQLP

exports[`VehicleFeatureCheckboxInputFormComponent should match to snapshot 1`] = `
<app-vehicle-feature-checkbox-input-form>
  <form>
    <section
      class="example-section"
    >
      <mat-checkbox
        class="example-margin"
        formcontrolname="appleCarPlay"
      >
        Apple Car Play
      </mat-checkbox>
      <mat-checkbox
        class="example-margin"
        formcontrolname="androidAuto"
      >
        Android Auto
      </mat-checkbox>
      <mat-checkbox
        class="example-margin"
        formcontrolname="bluetooth"
      >
        Bluetooth
      </mat-checkbox>
      <mat-checkbox
        class="example-margin"
        formcontrolname="usb"
      >
        USB
      </mat-checkbox>
      <mat-checkbox
        class="example-margin"
        formcontrolname="headUpDisplay"
      >
        headup display
      </mat-checkbox>
      <mat-checkbox
        class="example-margin"
        formcontrolname="navigation"
      >
        navigation
      </mat-checkbox>
      <mat-checkbox
        class="example-margin"
        formcontolname="airConditioning"
      >
        air conditioning
      </mat-checkbox>
      <mat-checkbox
        class="example-margin"
        formcontrolname="keyLess"
      >
        keyless access
      </mat-checkbox>
      <mat-checkbox
        class="example-margin"
        formcontrolname="isofix"
      >
        isofix
      </mat-checkbox>
      <section>
        <h5>
          Cruise Control
        </h5>
        <form
          formgroupname="cruiseControl"
        >
          <mat-checkbox
            class="example-margin"
            formcontrolname="standard"
          >
            standard
          </mat-checkbox>
          <mat-checkbox
            class="example-margin"
            formcontrolname="active"
          >
            active
          </mat-checkbox>
          <mat-checkbox
            class="example-margin"
            formcontrolname="adaptive"
          >
            adaptive
          </mat-checkbox>
          <mat-checkbox
            class="example-margin"
            formcontrolname="autonomic"
          >
            autonomic
          </mat-checkbox>
        </form>
      </section>
      <section>
        <h5>
          Lights
        </h5>
        <form
          formgroupname="lights"
        >
          <mat-checkbox
            class="example-margin"
            formcontrolname="led"
          >
            led
          </mat-checkbox>
          <mat-checkbox
            class="example-margin"
            formcontrolname="xenon"
          >
            xenon
          </mat-checkbox>
          <mat-checkbox
            class="example-margin"
            formcontrolname="biXenon"
          >
            bi-xenon
          </mat-checkbox>
          <mat-checkbox
            class="example-margin"
            formcontrolname="laser"
          >
            laser
          </mat-checkbox>
        </form>
      </section>
      <section>
        <h5>
          Park assist
        </h5>
        <form
          formgroupname="parkingAssist"
        >
          <mat-checkbox
            class="example-margin"
            formcontrolname="camera"
          >
            camera
          </mat-checkbox>
          <mat-checkbox
            class="example-margin"
            formcontrolname="camera360"
          >
            camera 360
          </mat-checkbox>
          <mat-checkbox
            class="example-margin"
            formcontrolname="autonomic"
          >
            autonomic
          </mat-checkbox>
        </form>
      </section>
    </section>
  </form>
</app-vehicle-feature-checkbox-input-form>
`;
