// Jest Snapshot v1, https://goo.gl/fbAQLP

exports[`GuideSectionComponent should match to snapshot 1`] = `
<app-guide-section
  guidesItems={[Function Array]}
>
  <div
    class="wrapper"
  >
    <h1>
      Guides to help you learn & earn
    </h1>
    <div
      class="guides-container"
    >
      <app-guide-item />
      <app-guide-item />
      <app-guide-item />
      <app-guide-item />
      <app-guide-item />
    </div>
  </div>
</app-guide-section>
`;
